PUSH RBP
MOV RBP,RSP
SUB RSP,0x10
MOV EDI,0x1
MOV RSI,0x400f46
MOV EAX,0x1f
MOV EDX,EAX
MOV dword ptr [RBP + -0x4],0x0
CALL 0x400550
CMP EAX,0x0
JZ 0x400d0a
XOR EDI,EDI
CALL 0x400540
JMP 0x400d0f
MOV EDI,0x1
MOV RSI,0x400f66
MOV EAX,0x25
MOV EDX,EAX
CALL 0x400550
CMP EAX,0x0
JZ 0x400d3a
XOR EDI,EDI
CALL 0x400540
CALL 0x400dd0
MOV dword ptr [RBP + -0x8],EAX
CMP dword ptr [RBP + -0x8],-0x1
JNZ 0x400d51
JMP 0x400dc5
CMP dword ptr [RBP + -0x8],0x0
JNZ 0x400d8b
MOV EDI,0x1
MOV RSI,0x400f8c
MOV EAX,0x21
MOV EDX,EAX
CALL 0x400550
CMP EAX,0x0
JZ 0x400d86
XOR EDI,EDI
CALL 0x400540
JMP 0x400dbb
MOV EDI,0x1
MOV RSI,0x400fae
MOV EAX,0x1d
MOV EDX,EAX
CALL 0x400550
CMP EAX,0x0
JZ 0x400db6
XOR EDI,EDI
CALL 0x400540
JMP 0x400dbb
JMP 0x400dc0
JMP 0x400d0f
XOR EAX,EAX
ADD RSP,0x10
POP RBP
RET
